{"type":"server-started","port":61413,"host":"127.0.0.1","url_host":"localhost","url":"http://localhost:61413","screen_dir":"/Users/ant0n/Developer/fints-actual-new/.superpowers/brainstorm/48254-1775487424/content","state_dir":"/Users/ant0n/Developer/fints-actual-new/.superpowers/brainstorm/48254-1775487424/state"}
{"type":"screen-added","file":"/Users/ant0n/Developer/fints-actual-new/.superpowers/brainstorm/48254-1775487424/content/dashboard-layout.html"}
{"source":"user-event","type":"click","text":"A\n    \n      Card Grid\n      Each connection as a card showing mappings and last import status. Compact, visual.","choice":"a","id":null,"timestamp":1775487455686}
{"source":"user-event","type":"click","text":"B\n    \n      Table-Based\n      All mappings in a single table with connection, bank account, Actual account, and actions columns.","choice":"b","id":null,"timestamp":1775487456560}
{"source":"user-event","type":"click","text":"A\n    \n      Card Grid\n      Each connection as a card showing mappings and last import status. Compact, visual.","choice":"a","id":null,"timestamp":1775487457058}
{"source":"user-event","type":"click","text":"B\n    \n      Table-Based\n      All mappings in a single table with connection, bank account, Actual account, and actions columns.","choice":"b","id":null,"timestamp":1775487463748}
{"source":"user-event","type":"click","text":"C\n    \n      Split View\n      Left sidebar with connections list, right panel with mappings for selected connection.","choice":"c","id":null,"timestamp":1775487464331}
{"source":"user-event","type":"click","text":"A\n    \n      Card Grid\n      Each connection as a card showing mappings and last import status. Compact, visual.","choice":"a","id":null,"timestamp":1775487465284}
{"source":"user-event","type":"click","text":"A\n    \n      Card Grid\n      Each connection as a card showing mappings and last import status. Compact, visual.","choice":"a","id":null,"timestamp":1775487487951}
{"source":"user-event","type":"click","text":"A\n    \n      Card Grid\n      Each connection as a card showing mappings and last import status. Compact, visual.","choice":"a","id":null,"timestamp":1775487488125}
{"source":"user-event","type":"click","text":"A\n    \n      Card Grid\n      Each connection as a card showing mappings and last import status. Compact, visual.","choice":"a","id":null,"timestamp":1775487488588}
{"source":"user-event","type":"click","text":"A\n    \n      Card Grid\n      Each connection as a card showing mappings and last import status. Compact, visual.","choice":"a","id":null,"timestamp":1775487488933}
{"source":"user-event","type":"click","text":"B\n    \n      Table-Based\n      All mappings in a single table with connection, bank account, Actual account, and actions columns.","choice":"b","id":null,"timestamp":1775487489952}
{"source":"user-event","type":"click","text":"C\n    \n      Split View\n      Left sidebar with connections list, right panel with mappings for selected connection.","choice":"c","id":null,"timestamp":1775487490354}
{"source":"user-event","type":"click","text":"B\n    \n      Table-Based\n      All mappings in a single table with connection, bank account, Actual account, and actions columns.","choice":"b","id":null,"timestamp":1775487490668}
{"source":"user-event","type":"click","text":"A\n    \n      Card Grid\n      Each connection as a card showing mappings and last import status. Compact, visual.","choice":"a","id":null,"timestamp":1775487491050}
{"source":"user-event","type":"click","text":"B\n    \n      Table-Based\n      All mappings in a single table with connection, bank account, Actual account, and actions columns.","choice":"b","id":null,"timestamp":1775487491590}
{"source":"user-event","type":"click","text":"A\n    \n      Card Grid\n      Each connection as a card showing mappings and last import status. Compact, visual.","choice":"a","id":null,"timestamp":1775487492012}
{"type":"screen-added","file":"/Users/ant0n/Developer/fints-actual-new/.superpowers/brainstorm/48254-1775487424/content/dashboard-v1.html"}
{"type":"screen-added","file":"/Users/ant0n/Developer/fints-actual-new/.superpowers/brainstorm/48254-1775487424/content/tan-flow.html"}
